// Jest Snapshot v1, https://goo.gl/fbAQLP

exports[`Loader render correctly 1`] = `
<Spin
  size="large"
  spinning={true}
  wrapperClassName=""
/>
`;
